// Jest Snapshot v1, https://goo.gl/fbAQLP

exports[`<AddrsListItem /> should render a ListItem 1`] = `
<div>
  <button>
    Add
  </button>
  192.168.1.1
</div>
`;
